
d:\kjk\hbhb\chaibook-next-final\components\ui\carousel.tsx
  98:5  error  Error: Calling setState synchronously within an effect can trigger cascading renders

Effects are intended to synchronize state between React and external systems such as manually updating the DOM, state management libraries, or other platform APIs. In general, the body of an effect should do one or both of the following:
* Update external systems with the latest state from React.
* Subscribe for updates from some external system, calling setState in a callback function when external state changes.

Calling setState synchronously within an effect body causes cascading renders that can hurt performance, and is not recommended. (https://react.dev/learn/you-might-not-need-an-effect).

d:\kjk\hbhb\chaibook-next-final\components\ui\carousel.tsx:98:5
   96 |   React.useEffect(() => {
   97 |     if (!api) return
>  98 |     onSelect(api)
      |     ^^^^^^^^ Avoid calling setState() directly within an effect
   99 |     api.on("reInit", onSelect)
  100 |     api.on("select", onSelect)
  101 |  react-hooks/set-state-in-effect

d:\kjk\hbhb\chaibook-next-final\features\chat\components\workspace-chat.tsx
   11:5   warning  'GlobeIcon' is defined but never used                                                                                                                                                                                                                                                                                                                                                                                                                                                                                                                                                                                                                                                                                                                                                                                                                                                                                                                                                                                                                                                    @typescript-eslint/no-unused-vars
  153:13  error    Error: Calling setState synchronously within an effect can trigger cascading renders

Effects are intended to synchronize state between React and external systems such as manually updating the DOM, state management libraries, or other platform APIs. In general, the body of an effect should do one or both of the following:
* Update external systems with the latest state from React.
* Subscribe for updates from some external system, calling setState in a callback function when external state changes.

Calling setState synchronously within an effect body causes cascading renders that can hurt performance, and is not recommended. (https://react.dev/learn/you-might-not-need-an-effect).

d:\kjk\hbhb\chaibook-next-final\features\chat\components\workspace-chat.tsx:153:13
  151 |         if (!conversationId) {
  152 |             setMessages([]);
> 153 |             setCitationsByMessageId({});
      |             ^^^^^^^^^^^^^^^^^^^^^^^ Avoid calling setState() directly within an effect
  154 |             return;
  155 |         }
  156 |  react-hooks/set-state-in-effect
  186:9   error    Error: Calling setState synchronously within an effect can trigger cascading renders

Effects are intended to synchronize state between React and external systems such as manually updating the DOM, state management libraries, or other platform APIs. In general, the body of an effect should do one or both of the following:
* Update external systems with the latest state from React.
* Subscribe for updates from some external system, calling setState in a callback function when external state changes.

Calling setState synchronously within an effect body causes cascading renders that can hurt performance, and is not recommended. (https://react.dev/learn/you-might-not-need-an-effect).

d:\kjk\hbhb\chaibook-next-final\features\chat\components\workspace-chat.tsx:186:9
  184 |         }
  185 |
> 186 |         setCitationsByMessageId(buildCitationMap(storedMessages));
      |         ^^^^^^^^^^^^^^^^^^^^^^^ Avoid calling setState() directly within an effect
  187 |     }, [storedMessages, status]);
  188 |
  189 |     useEffect(() => {     react-hooks/set-state-in-effect

d:\kjk\hbhb\chaibook-next-final\src\server\services\billing.service.ts
  7:5  warning  'findPackByPriceId' is defined but never used  @typescript-eslint/no-unused-vars

d:\kjk\hbhb\chaibook-next-final\src\server\services\podcast.service.ts
  3:24  warning  'refundCredits' is defined but never used  @typescript-eslint/no-unused-vars

d:\kjk\hbhb\chaibook-next-final\src\server\services\workspace.service.ts
  2:5  warning  'deleteWorkspaceRecord' is defined but never used  @typescript-eslint/no-unused-vars

✖ 7 problems (3 errors, 4 warnings)

