
d:\kjk\hbhb\chaibook-next-final\components\ui\carousel.tsx
   72:3  error    Error: Cannot access refs during render

React refs are values that are not needed for rendering. Refs should only be accessed outside of render, such as in event handlers or effects. Accessing a ref value (the `current` property) during render can cause your component not to update as expected (https://react.dev/reference/react/useRef).

d:\kjk\hbhb\chaibook-next-final\components\ui\carousel.tsx:72:3
  70 |   // Ref to hold the latest onSelect for use in effect cleanup
  71 |   const onSelectRef = React.useRef(onSelect)
> 72 |   onSelectRef.current = onSelect
     |   ^^^^^^^^^^^^^^^^^^^ Cannot update ref during render
  73 |
  74 |   const scrollPrev = React.useCallback(() => {
  75 |     api?.scrollPrev()  react-hooks/refs
  113:6  warning  React Hook React.useEffect has a missing dependency: 'onSelect'. Either include it or remove the dependency array                                                                                                                                                                                                                                                                                                                                                                                                                                                                                                                                                                                                                              react-hooks/exhaustive-deps

d:\kjk\hbhb\chaibook-next-final\features\chat\components\workspace-chat.tsx
  152:13  error    Error: Calling setState synchronously within an effect can trigger cascading renders

Effects are intended to synchronize state between React and external systems such as manually updating the DOM, state management libraries, or other platform APIs. In general, the body of an effect should do one or both of the following:
* Update external systems with the latest state from React.
* Subscribe for updates from some external system, calling setState in a callback function when external state changes.

Calling setState synchronously within an effect body causes cascading renders that can hurt performance, and is not recommended. (https://react.dev/learn/you-might-not-need-an-effect).

d:\kjk\hbhb\chaibook-next-final\features\chat\components\workspace-chat.tsx:152:13
  150 |         if (!conversationId) {
  151 |             setMessages([]);
> 152 |             setCitationsByMessageId((_) => ({}));
      |             ^^^^^^^^^^^^^^^^^^^^^^^ Avoid calling setState() directly within an effect
  153 |             return;
  154 |         }
  155 |  react-hooks/set-state-in-effect
  152:38  warning  '_' is defined but never used                                                                                                                                                                                                                                                                                                                                                                                                                                                                                                                                                                                                                                                                                                                                                                                                                                                                                                                                                                                                                                                                     @typescript-eslint/no-unused-vars
  161:22  warning  '_prev' is defined but never used                                                                                                                                                                                                                                                                                                                                                                                                                                                                                                                                                                                                                                                                                                                                                                                                                                                                                                                                                                                                                                                                 @typescript-eslint/no-unused-vars
  168:9   warning  Unused eslint-disable directive (no problems were reported from 'react-hooks/set-state-in-effect')
  169:34  warning  '_prev' is defined but never used                                                                                                                                                                                                                                                                                                                                                                                                                                                                                                                                                                                                                                                                                                                                                                                                                                                                                                                                                                                                                                                                 @typescript-eslint/no-unused-vars
  170:8   warning  React Hook useEffect has a missing dependency: 'setMessages'. Either include it or remove the dependency array                                                                                                                                                                                                                                                                                                                                                                                                                                                                                                                                                                                                                                                                                                                                                                                                                                                                                                                                                                                    react-hooks/exhaustive-deps
  189:34  warning  '_prev' is defined but never used                                                                                                                                                                                                                                                                                                                                                                                                                                                                                                                                                                                                                                                                                                                                                                                                                                                                                                                                                                                                                                                                 @typescript-eslint/no-unused-vars

✖ 9 problems (2 errors, 7 warnings)
  0 errors and 1 warning potentially fixable with the `--fix` option.

